
===========================================================================
 report_power
============================================================================
======================= nom_tt_025C_1v80 Corner ===================================

Group                    Internal    Switching      Leakage        Total
                            Power        Power        Power        Power (Watts)
------------------------------------------------------------------------
Sequential           1.738879e-02 3.803761e-05 4.112781e-08 1.742687e-02  40.4%
Combinational        1.378996e-02 1.192529e-02 5.666879e-08 2.571530e-02  59.6%
Clock                0.000000e+00 0.000000e+00 1.218255e-09 1.218255e-09   0.0%
Macro                0.000000e+00 0.000000e+00 0.000000e+00 0.000000e+00   0.0%
Pad                  0.000000e+00 0.000000e+00 0.000000e+00 0.000000e+00   0.0%
------------------------------------------------------------------------
Total                3.118028e-02 1.196338e-02 9.900737e-08 4.314376e-02 100.0%
                            72.3%        27.7%         0.0%

