
===========================================================================
 report_power
============================================================================
======================= nom_ss_100C_1v60 Corner ===================================

Group                    Internal    Switching      Leakage        Total
                            Power        Power        Power        Power (Watts)
------------------------------------------------------------------------
Sequential           1.325887e-02 2.940841e-05 5.530585e-05 1.334358e-02  40.9%
Combinational        9.878757e-03 9.347356e-03 6.806190e-05 1.929417e-02  59.1%
Clock                0.000000e+00 0.000000e+00 1.140431e-09 1.140431e-09   0.0%
Macro                0.000000e+00 0.000000e+00 0.000000e+00 0.000000e+00   0.0%
Pad                  0.000000e+00 0.000000e+00 0.000000e+00 0.000000e+00   0.0%
------------------------------------------------------------------------
Total                2.313712e-02 9.376706e-03 1.233769e-04 3.263720e-02 100.0%
                            70.9%        28.7%         0.4%

