
===========================================================================
 report_power
============================================================================
======================= nom_ss_100C_1v60 Corner ===================================

Group                    Internal    Switching      Leakage        Total
                            Power        Power        Power        Power (Watts)
------------------------------------------------------------------------
Sequential           1.325883e-02 3.248508e-05 5.531342e-05 1.334663e-02  41.2%
Combinational        9.790892e-03 9.191555e-03 6.754596e-05 1.904999e-02  58.8%
Clock                0.000000e+00 0.000000e+00 1.449799e-09 1.449799e-09   0.0%
Macro                0.000000e+00 0.000000e+00 0.000000e+00 0.000000e+00   0.0%
Pad                  0.000000e+00 0.000000e+00 0.000000e+00 0.000000e+00   0.0%
------------------------------------------------------------------------
Total                2.304917e-02 9.223990e-03 1.228689e-04 3.239603e-02 100.0%
                            71.1%        28.5%         0.4%

