
===========================================================================
 report_power
============================================================================
======================= nom_tt_025C_1v80 Corner ===================================

Group                    Internal    Switching      Leakage        Total
                            Power        Power        Power        Power (Watts)
------------------------------------------------------------------------
Sequential           1.734769e-02 4.711782e-05 4.112781e-08 1.739484e-02  29.9%
Combinational        1.381190e-02 1.600784e-02 5.666879e-08 2.981980e-02  51.3%
Clock                5.176886e-03 5.696902e-03 4.506145e-09 1.087379e-02  18.7%
Macro                0.000000e+00 0.000000e+00 0.000000e+00 0.000000e+00   0.0%
Pad                  0.000000e+00 0.000000e+00 0.000000e+00 0.000000e+00   0.0%
------------------------------------------------------------------------
Total                3.633631e-02 2.175188e-02 1.022954e-07 5.808829e-02 100.0%
                            62.6%        37.4%         0.0%
Writing metric power__internal__total: 0.03633631393313408
Writing metric power__switching__total: 0.021751875057816505
Writing metric power__leakage__total: 1.0229544500361953e-7
Writing metric power__total: 0.05808829143643379

