┏━━━━━━━━━━━━━━━━━━━━━━┳━━━━━━━━━━┳━━━━━━━━━━┳━━━━━━━━━━┳━━━━━━━━━━┳━━━━━━━━━━━┳━━━━━━━━━━┳━━━━━━━━━━━┳━━━━━━━━━━┳━━━━━━━━━━━┳━━━━━━━━━━┳━━━━━━━━━━━┳━━━━━━━━━━┓
┃                      ┃ Hold     ┃ Reg to   ┃          ┃          ┃ of which  ┃ Setup    ┃           ┃          ┃           ┃ of which ┃           ┃          ┃
┃                      ┃ Worst    ┃ Reg      ┃          ┃ Hold Vio ┃ reg to    ┃ Worst    ┃ Reg to    ┃ Setup    ┃ Setup Vio ┃ reg to   ┃ Max Cap   ┃ Max Slew ┃
┃ Corner/Group         ┃ Slack    ┃ Paths    ┃ Hold TNS ┃ Count    ┃ reg       ┃ Slack    ┃ Reg Paths ┃ TNS      ┃ Count     ┃ reg      ┃ Violatio… ┃ Violati… ┃
┡━━━━━━━━━━━━━━━━━━━━━━╇━━━━━━━━━━╇━━━━━━━━━━╇━━━━━━━━━━╇━━━━━━━━━━╇━━━━━━━━━━━╇━━━━━━━━━━╇━━━━━━━━━━━╇━━━━━━━━━━╇━━━━━━━━━━━╇━━━━━━━━━━╇━━━━━━━━━━━╇━━━━━━━━━━┩
│ Overall              │ -0.2474  │ -0.2474  │ -484.26… │ 4926     │ 4926      │ -7.4255  │ -7.4255   │ -12765.… │ 2264      │ 2264     │ 0         │ 0        │
│ nom_tt_025C_1v80     │ -0.1127  │ -0.1127  │ -12.0023 │ 1935     │ 1935      │ -0.1268  │ -0.1268   │ -2.7455  │ 28        │ 28       │ 0         │ 0        │
│ nom_ss_100C_1v60     │ 0.2637   │ 0.2637   │ 0.0000   │ 0        │ 0         │ -7.4255  │ -7.4255   │ -12765.… │ 2236      │ 2236     │ 0         │ 0        │
│ nom_ff_n40C_1v95     │ -0.2474  │ -0.2474  │ -484.26… │ 2991     │ 2991      │ 2.4825   │ 2.4825    │ 0.0000   │ 0         │ 0        │ 0         │ 0        │
└──────────────────────┴──────────┴──────────┴──────────┴──────────┴───────────┴──────────┴───────────┴──────────┴───────────┴──────────┴───────────┴──────────┘
