
===========================================================================
 report_power
============================================================================
======================= nom_tt_025C_1v80 Corner ===================================

Group                    Internal    Switching      Leakage        Total
                            Power        Power        Power        Power (Watts)
------------------------------------------------------------------------
Sequential           1.738881e-02 4.189963e-05 4.112365e-08 1.743075e-02  40.8%
Combinational        1.357721e-02 1.173068e-02 5.617394e-08 2.530795e-02  59.2%
Clock                0.000000e+00 0.000000e+00 1.548743e-09 1.548743e-09   0.0%
Macro                0.000000e+00 0.000000e+00 0.000000e+00 0.000000e+00   0.0%
Pad                  0.000000e+00 0.000000e+00 0.000000e+00 0.000000e+00   0.0%
------------------------------------------------------------------------
Total                3.096754e-02 1.177264e-02 9.883891e-08 4.274027e-02 100.0%
                            72.5%        27.5%         0.0%

