Clock: clk
Sources: clk 
Generated: no
Virtual: yes
Propagated: no
Period: 7.000000

===========================================================================
report_clock_properties
============================================================================
Clock                   Period          Waveform
----------------------------------------------------
clk                   7.000000    0.000000  3.500000

===========================================================================
report_clock_latency
============================================================================
Clock clk
rise -> rise
    min     max
0.000000 0.000000 source latency
1.021539         network latency _27993_/CLK
        1.157457 network latency _26352_/CLK
---------------
1.021539 1.157457 latency
        0.135919 skew

fall -> fall
    min     max
0.000000 0.000000 source latency
0.994685         network latency _27993_/CLK
        1.081908 network latency _26352_/CLK
---------------
0.994685 1.081908 latency
        0.087224 skew



===========================================================================
report_clock_min_period
============================================================================
clk period_min = 7.50 fmax = 133.42
