
===========================================================================
 report_power
============================================================================
======================= nom_tt_025C_1v80 Corner ===================================

Group                    Internal    Switching      Leakage        Total
                            Power        Power        Power        Power (Watts)
------------------------------------------------------------------------
Sequential           1.734757e-02 5.107324e-05 4.112365e-08 1.739868e-02  31.5%
Combinational        1.360809e-02 1.599760e-02 5.617394e-08 2.960575e-02  53.6%
Clock                3.709477e-03 4.565042e-03 3.798596e-09 8.274524e-03  15.0%
Macro                0.000000e+00 0.000000e+00 0.000000e+00 0.000000e+00   0.0%
Pad                  0.000000e+00 0.000000e+00 0.000000e+00 0.000000e+00   0.0%
------------------------------------------------------------------------
Total                3.466544e-02 2.061376e-02 1.010888e-07 5.527930e-02 100.0%
                            62.7%        37.3%         0.0%
Writing metric power__internal__total: 0.034665435552597046
Writing metric power__switching__total: 0.020613757893443108
Writing metric power__leakage__total: 1.0108878001346966e-7
Writing metric power__total: 0.05527929589152336

