
===========================================================================
 report_power
============================================================================
======================= nom_ff_n40C_1v95 Corner ===================================

Group                    Internal    Switching      Leakage        Total
                            Power        Power        Power        Power (Watts)
------------------------------------------------------------------------
Sequential           2.049233e-02 4.550594e-05 5.585862e-08 2.053789e-02  41.0%
Combinational        1.557165e-02 1.398535e-02 1.233868e-07 2.955712e-02  59.0%
Clock                0.000000e+00 0.000000e+00 1.429744e-09 1.429744e-09   0.0%
Macro                0.000000e+00 0.000000e+00 0.000000e+00 0.000000e+00   0.0%
Pad                  0.000000e+00 0.000000e+00 0.000000e+00 0.000000e+00   0.0%
------------------------------------------------------------------------
Total                3.606257e-02 1.403084e-02 1.806769e-07 5.009359e-02 100.0%
                            72.0%        28.0%         0.0%

